// Jest Snapshot v1, https://goo.gl/fbAQLP

exports[`renders the UI as expected 1`] = `
Array [
  <h2>
    Ride Details
  </h2>,
  <div
    className="google-map"
  >
    <div>
      Loading...
    </div>
  </div>,
  <div
    className="ride-details"
  >
    <p>
      Driver: 
    </p>
    <p>
      Meetup Address: 
    </p>
    <p>
      Destination: 
    </p>
    <p>
      Meetup Date: 
      Invalid Date
    </p>
    <p>
      Meetup Time: 
      Invalid Date
    </p>
    <p>
      Remaining Seats: 
      0
    </p>
    <h4>
      Ride Description:
    </h4>
    <p />
    <div
      id="ride-btn"
    >
      <button
        onClick={[Function]}
        type="button"
      >
        Join 
        <svg
          aria-hidden="true"
          className="svg-inline--fa fa-map-marked-alt fa-w-18 "
          data-icon="map-marked-alt"
          data-prefix="fas"
          focusable="false"
          role="img"
          style={Object {}}
          viewBox="0 0 576 512"
          xmlns="http://www.w3.org/2000/svg"
        >
          <path
            d="M288 0c-69.59 0-126 56.41-126 126 0 56.26 82.35 158.8 113.9 196.02 6.39 7.54 17.82 7.54 24.2 0C331.65 284.8 414 182.26 414 126 414 56.41 357.59 0 288 0zm0 168c-23.2 0-42-18.8-42-42s18.8-42 42-42 42 18.8 42 42-18.8 42-42 42zM20.12 215.95A32.006 32.006 0 0 0 0 245.66v250.32c0 11.32 11.43 19.06 21.94 14.86L160 448V214.92c-8.84-15.98-16.07-31.54-21.25-46.42L20.12 215.95zM288 359.67c-14.07 0-27.38-6.18-36.51-16.96-19.66-23.2-40.57-49.62-59.49-76.72v182l192 64V266c-18.92 27.09-39.82 53.52-59.49 76.72-9.13 10.77-22.44 16.95-36.51 16.95zm266.06-198.51L416 224v288l139.88-55.95A31.996 31.996 0 0 0 576 426.34V176.02c0-11.32-11.43-19.06-21.94-14.86z"
            fill="currentColor"
            style={Object {}}
          />
        </svg>
      </button>
      <button
        onClick={[Function]}
        type="button"
      >
        Cancel Ride 
        <svg
          aria-hidden="true"
          className="svg-inline--fa fa-user-slash fa-w-20 "
          data-icon="user-slash"
          data-prefix="fas"
          focusable="false"
          role="img"
          style={Object {}}
          viewBox="0 0 640 512"
          xmlns="http://www.w3.org/2000/svg"
        >
          <path
            d="M633.8 458.1L362.3 248.3C412.1 230.7 448 183.8 448 128 448 57.3 390.7 0 320 0c-67.1 0-121.5 51.8-126.9 117.4L45.5 3.4C38.5-2 28.5-.8 23 6.2L3.4 31.4c-5.4 7-4.2 17 2.8 22.4l588.4 454.7c7 5.4 17 4.2 22.5-2.8l19.6-25.3c5.4-6.8 4.1-16.9-2.9-22.3zM96 422.4V464c0 26.5 21.5 48 48 48h350.2L207.4 290.3C144.2 301.3 96 356 96 422.4z"
            fill="currentColor"
            style={Object {}}
          />
        </svg>
      </button>
    </div>
  </div>,
]
`;
